load_backend: loaded BLAS backend from /opt/homebrew/Cellar/ggml/0.24.0/libexec/libggml-blas.so
ggml_metal_device_init: tensor API disabled for pre-M5 and pre-A19 devices
ggml_metal_library_init: using embedded metal library
ggml_metal_library_compile_all: compiled 'fa' library in 0.038 sec
ggml_metal_library_compile_all: compiled 'mul_mv' library in 0.044 sec
ggml_metal_library_compile_all: compiled 'mul_mm' library in 0.049 sec
ggml_metal_library_compile_all: compiled 'quantize' library in 0.046 sec
ggml_metal_library_compile_all: compiled 'softmax' library in 0.003 sec
ggml_metal_library_compile_all: compiled 'norm' library in 0.004 sec
ggml_metal_library_compile_all: compiled 'unary' library in 0.051 sec
ggml_metal_library_compile_all: compiled 'binbcast' library in 0.050 sec
ggml_metal_library_compile_all: compiled 'reduce' library in 0.003 sec
ggml_metal_library_compile_all: compiled 'tri' library in 0.003 sec
ggml_metal_library_compile_all: compiled 'ssm' library in 0.050 sec
ggml_metal_library_compile_all: compiled 'wkv' library in 0.003 sec
ggml_metal_library_compile_all: compiled 'gated_delta_net' library in 0.004 sec
ggml_metal_library_compile_all: compiled 'solve_tri' library in 0.050 sec
ggml_metal_library_compile_all: compiled 'rope' library in 0.050 sec
ggml_metal_library_compile_all: compiled 'conv' library in 0.039 sec
ggml_metal_library_compile_all: compiled 'upscale' library in 0.049 sec
ggml_metal_library_compile_all: compiled 'argsort' library in 0.050 sec
ggml_metal_library_compile_all: compiled 'pool' library in 0.004 sec
ggml_metal_library_compile_all: compiled 'misc' library in 0.039 sec
ggml_metal_library_compile_all: loaded 20 libraries from embedded data in 0.051 sec (max single = 0.051 sec)
ggml_metal_rsets_init: creating a residency set collection (keep_alive = 180 s)
ggml_metal_device_init: GPU name:   MTL0 (Apple M1 Max)
ggml_metal_device_init: GPU family: MTLGPUFamilyApple7  (1007)
ggml_metal_device_init: GPU family: MTLGPUFamilyCommon3 (3003)
ggml_metal_device_init: GPU family: MTLGPUFamilyMetal4  (5002)
ggml_metal_device_init: simdgroup reduction   = true
ggml_metal_device_init: simdgroup matrix mul. = true
ggml_metal_device_init: has unified memory    = true
ggml_metal_device_init: has bfloat            = true
ggml_metal_device_init: has tensor            = false
ggml_metal_device_init: use residency sets    = true
ggml_metal_device_init: use shared buffers    = true
ggml_metal_device_init: recommendedMaxWorkingSetSize  = 26800.60 MB
load_backend: loaded MTL backend from /opt/homebrew/Cellar/ggml/0.24.0/libexec/libggml-metal.so
load_backend: loaded CPU backend from /opt/homebrew/Cellar/ggml/0.24.0/libexec/libggml-cpu-apple_m1.so
        8.83 real         0.87 user         0.72 sys
          5207162880  maximum resident set size
                   0  average shared memory size
                   0  average unshared data size
                   0  average unshared stack size
              320087  page reclaims
                1828  page faults
                   0  swaps
                   0  block input operations
                   0  block output operations
                   0  messages sent
                   0  messages received
                   0  signals received
                  54  voluntary context switches
                5920  involuntary context switches
          8870122851  instructions retired
          3834177983  cycles elapsed
           143610128  peak memory footprint
