ffmpeg version 8.1 Copyright (c) 2000-2026 the FFmpeg developers
  built with Apple clang version 21.0.0 (clang-2100.0.123.102)
  configuration: --prefix=/opt/homebrew/Cellar/ffmpeg/8.1_1 --enable-shared --enable-pthreads --enable-version3 --cc=clang --host-cflags= --host-ldflags= --enable-ffplay --enable-gpl --enable-libsvtav1 --enable-libopus --enable-libx264 --enable-libmp3lame --enable-libdav1d --enable-libvmaf --enable-libvpx --enable-libx265 --enable-openssl --enable-videotoolbox --enable-audiotoolbox --enable-neon
  libavutil      60. 26.100 / 60. 26.100
  libavcodec     62. 28.100 / 62. 28.100
  libavformat    62. 12.100 / 62. 12.100
  libavdevice    62.  3.100 / 62.  3.100
  libavfilter    11. 14.100 / 11. 14.100
  libswscale      9.  5.100 /  9.  5.100
  libswresample   6.  3.100 /  6.  3.100
Input #0, concat, from 'shots.ffconcat':
  Duration: N/A, start: 0.000000, bitrate: N/A
  Stream #0:0: Video: png, rgb24(pc, gbr/unknown/unknown), 1920x1080, 30 fps, 30 tbr, 30 tbn
Stream mapping:
  Stream #0:0 -> #0:0 (png (native) -> h264 (libx264))
Press [q] to stop, [?] for help
[libx264 @ 0xbe6c61180] using cpu capabilities: ARMv8 NEON DotProd
[libx264 @ 0xbe6c61180] profile High, level 4.0, 4:2:0, 8-bit
[libx264 @ 0xbe6c61180] 264 - core 165 r3222 b35605a - H.264/MPEG-4 AVC codec - Copyleft 2003-2025 - http://www.videolan.org/x264.html - options: cabac=1 ref=3 deblock=1:0:0 analyse=0x3:0x113 me=hex subme=7 psy=1 psy_rd=1.00:0.00 mixed_ref=1 me_range=16 chroma_me=1 trellis=1 8x8dct=1 cqm=0 deadzone=21,11 fast_pskip=1 chroma_qp_offset=-2 threads=15 lookahead_threads=2 sliced_threads=0 nr=0 decimate=1 interlaced=0 bluray_compat=0 constrained_intra=0 bframes=3 b_pyramid=2 b_adapt=1 b_bias=0 direct=1 weightb=1 open_gop=0 weightp=2 keyint=250 keyint_min=25 scenecut=40 intra_refresh=0 rc_lookahead=40 rc=crf mbtree=1 crf=18.0 qcomp=0.60 qpmin=0 qpmax=69 qpstep=4 ip_ratio=1.40 aq=1:1.00
Output #0, mp4, to 'plate-001-demo.mp4':
  Metadata:
    encoder         : Lavf62.12.100
  Stream #0:0: Video: h264 (avc1 / 0x31637661), yuv420p(tv, progressive), 1920x1080, q=2-31, 30 fps, 15360 tbn
    Metadata:
      encoder         : Lavc62.28.100 libx264
    Side data:
      CPB properties: bitrate max/min/avg: 0/0/0 buffer size: 0 vbv_delay: N/A
frame=  187 fps=0.0 q=24.0 size=       0KiB time=00:00:06.16 bitrate=   0.1kbits/s dup=281 drop=0 speed=12.3x elapsed=0:00:00.50    frame=  473 fps=467 q=24.0 size=     256KiB time=00:00:15.70 bitrate= 133.6kbits/s dup=652 drop=0 speed=15.5x elapsed=0:00:01.01    frame=  734 fps=483 q=24.0 size=     512KiB time=00:00:24.40 bitrate= 171.9kbits/s dup=799 drop=0 speed=16.1x elapsed=0:00:01.51    [mp4 @ 0xbe6c1c500] Starting second pass: moving the moov atom to the beginning of the file
[out#0/mp4 @ 0xbe7004780] video:958KiB audio:0KiB subtitle:0KiB other streams:0KiB global headers:0KiB muxing overhead: 1.188164%
frame=  900 fps=495 q=-1.0 Lsize=     969KiB time=00:00:29.93 bitrate= 265.2kbits/s dup=888 drop=0 speed=16.5x elapsed=0:00:01.81    
[libx264 @ 0xbe6c61180] frame I:5     Avg QP: 6.35  size:134634
[libx264 @ 0xbe6c61180] frame P:227   Avg QP:11.71  size:  1068
[libx264 @ 0xbe6c61180] frame B:668   Avg QP: 8.82  size:    96
[libx264 @ 0xbe6c61180] consecutive B-frames:  0.9%  0.4%  0.0% 98.7%
[libx264 @ 0xbe6c61180] mb I  I16..4: 70.7%  6.7% 22.6%
[libx264 @ 0xbe6c61180] mb P  I16..4:  0.0%  0.0%  0.1%  P16..4:  0.4%  0.1%  0.0%  0.0%  0.0%    skip:99.4%
[libx264 @ 0xbe6c61180] mb B  I16..4:  0.0%  0.0%  0.0%  B16..8:  0.4%  0.0%  0.0%  direct: 0.0%  skip:99.6%  L0:53.6% L1:46.4% BI: 0.0%
[libx264 @ 0xbe6c61180] 8x8 transform intra:6.9% inter:13.2%
[libx264 @ 0xbe6c61180] coded y,uvDC,uvAC intra: 18.4% 25.6% 24.5% inter: 0.0% 0.1% 0.0%
[libx264 @ 0xbe6c61180] i16 v,h,dc,p: 87% 11%  2%  0%
[libx264 @ 0xbe6c61180] i8 v,h,dc,ddl,ddr,vr,hd,vl,hu: 67% 16% 16%  0%  0%  0%  0%  0%  1%
[libx264 @ 0xbe6c61180] i4 v,h,dc,ddl,ddr,vr,hd,vl,hu: 30% 37% 17%  2%  2%  3%  3%  2%  3%
[libx264 @ 0xbe6c61180] i8c dc,h,v,p: 77% 16%  7%  1%
[libx264 @ 0xbe6c61180] Weighted P-Frames: Y:0.0% UV:0.0%
[libx264 @ 0xbe6c61180] ref P L0: 92.3%  1.6%  5.6%  0.5%
[libx264 @ 0xbe6c61180] ref B L0: 55.1% 44.7%  0.2%
[libx264 @ 0xbe6c61180] ref B L1: 98.4%  1.6%
[libx264 @ 0xbe6c61180] kb/s:261.35
